\BOOKMARK [0][-]{Doc-Start}{\376\377\000A\000b\000s\000t\000r\000a\000c\000t}{}% 1
\BOOKMARK [0][-]{chapter*.1}{\376\377\000A\000C\000K\000N\000O\000W\000L\000E\000D\000G\000E\000M\000E\000N\000T}{}% 2
\BOOKMARK [0][-]{chapter*.1}{\376\377\000T\000A\000B\000L\000E\000\040\000O\000F\000\040\000C\000O\000N\000T\000E\000N\000T\000S}{}% 3
\BOOKMARK [0][-]{chapter*.2}{\376\377\000L\000I\000S\000T\000\040\000O\000F\000\040\000T\000A\000B\000L\000E\000S}{}% 4
\BOOKMARK [0][-]{chapter*.3}{\376\377\000L\000I\000S\000T\000\040\000O\000F\000\040\000F\000I\000G\000U\000R\000E\000S}{}% 5
\BOOKMARK [0][-]{chapter*.4}{\376\377\000L\000I\000S\000T\000\040\000O\000F\000\040\000A\000B\000B\000R\000E\000V\000I\000A\000T\000I\000O\000N\000S\000\040\000A\000N\000D\000\040\000S\000Y\000M\000B\000O\000L\000S}{}% 6
\BOOKMARK [0][-]{chapter.1}{\376\377\000I\000N\000T\000R\000O\000D\000U\000C\000T\000I\000O\000N}{}% 7
\BOOKMARK [1][-]{section.1.1}{\376\377\000S\000t\000a\000t\000e\000m\000e\000n\000t\000\040\000a\000n\000d\000\040\000S\000i\000g\000n\000i\000f\000i\000c\000a\000n\000c\000e\000\040\000o\000f\000\040\000t\000h\000e\000\040\000P\000r\000o\000b\000l\000e\000m\000s}{chapter.1}% 8
\BOOKMARK [1][-]{section.1.2}{\376\377\000G\000o\000a\000l\000\040\000a\000n\000d\000\040\000O\000b\000j\000e\000c\000t\000i\000v\000e\000s\000\040\000o\000f\000\040\000t\000h\000e\000\040\000S\000t\000u\000d\000y}{chapter.1}% 9
\BOOKMARK [1][-]{section.1.3}{\376\377\000S\000c\000o\000p\000e\000\040\000o\000f\000\040\000t\000h\000e\000\040\000S\000t\000u\000d\000y}{chapter.1}% 10
\BOOKMARK [1][-]{section.1.4}{\376\377\000P\000r\000o\000c\000e\000s\000s\000\040\000o\000f\000\040\000t\000h\000e\000\040\000S\000t\000u\000d\000y}{chapter.1}% 11
\BOOKMARK [1][-]{section.1.5}{\376\377\000L\000i\000m\000i\000t\000a\000t\000i\000o\000n\000s\000\040\000o\000f\000\040\000t\000h\000e\000\040\000S\000t\000u\000d\000y}{chapter.1}% 12
\BOOKMARK [1][-]{section.1.6}{\376\377\000D\000e\000f\000i\000n\000i\000t\000i\000o\000n\000s}{chapter.1}% 13
\BOOKMARK [0][-]{chapter.2}{\376\377\000R\000E\000L\000A\000T\000E\000D\000\040\000T\000H\000E\000O\000R\000I\000E\000S\000\040\000A\000N\000D\000\040\000L\000I\000T\000E\000R\000A\000T\000U\000R\000E\000\040\000R\000E\000V\000I\000E\000W}{}% 14
\BOOKMARK [1][-]{section.2.1}{\376\377\000R\000O\000B\000O\000T\000\040\000K\000I\000N\000E\000M\000A\000T\000I\000C\000S\000\040\000A\000N\000D\000\040\000C\000L\000A\000S\000S\000I\000C\000A\000L\000\040\000P\000I\000P\000E\000L\000I\000N\000E\000S}{chapter.2}% 15
\BOOKMARK [2][-]{subsection.2.1.1}{\376\377\000R\000i\000g\000i\000d\000\040\000B\000o\000d\000y\000\040\000K\000i\000n\000e\000m\000a\000t\000i\000c\000s\000\040\000a\000n\000d\000\040\000F\000K\000/\000I\000K}{section.2.1}% 16
\BOOKMARK [2][-]{subsection.2.1.2}{\376\377\000T\000r\000a\000d\000i\000t\000i\000o\000n\000a\000l\000\040\000P\000a\000t\000h\000\040\000P\000l\000a\000n\000n\000i\000n\000g\000\040\000v\000s\000.\000\040\000V\000L\000A\000\040\000C\000o\000g\000n\000i\000t\000i\000v\000e\000\040\000C\000o\000n\000t\000r\000o\000l}{section.2.1}% 17
\BOOKMARK [2][-]{subsection.2.1.3}{\376\377\000P\000r\000a\000c\000t\000i\000c\000a\000l\000\040\000H\000a\000r\000d\000w\000a\000r\000e\000\040\000D\000e\000p\000l\000o\000y\000m\000e\000n\000t\000:\000\040\000D\000o\000b\000o\000t\000\040\000C\000R\0005\000\040\000v\000i\000a\000\040\000P\000y\000t\000h\000o\000n}{section.2.1}% 18
\BOOKMARK [1][-]{section.2.2}{\376\377\000V\000I\000S\000I\000O\000N\000-\000L\000A\000N\000G\000U\000A\000G\000E\000\040\000M\000O\000D\000E\000L\000S\000\040\000\050\000V\000L\000M\000s\000\051\000\040\000I\000N\000\040\000E\000M\000B\000O\000D\000I\000E\000D\000\040\000A\000I}{chapter.2}% 19
\BOOKMARK [2][-]{subsection.2.2.1}{\376\377\000N\000a\000t\000i\000v\000e\000\040\000v\000s\000.\000\040\000F\000u\000s\000i\000o\000n\000\040\000A\000r\000c\000h\000i\000t\000e\000c\000t\000u\000r\000e\000s}{section.2.2}% 20
\BOOKMARK [2][-]{subsection.2.2.2}{\376\377\000C\000o\000n\000t\000r\000a\000s\000t\000i\000v\000e\000\040\000E\000n\000c\000o\000d\000e\000r\000s\000\040\000a\000n\000d\000\040\000t\000h\000e\000\040\000S\000e\000m\000a\000n\000t\000i\000c\000-\000S\000p\000a\000t\000i\000a\000l\000\040\000G\000a\000p}{section.2.2}% 21
\BOOKMARK [1][-]{section.2.3}{\376\377\000T\000H\000E\000\040\000E\000V\000O\000L\000U\000T\000I\000O\000N\000\040\000O\000F\000\040\000V\000L\000A\000:\000\040\000F\000R\000O\000M\000\040\000T\000O\000K\000E\000N\000S\000\040\000T\000O\000\040\000E\000X\000P\000E\000R\000T\000S}{chapter.2}% 22
\BOOKMARK [2][-]{subsection.2.3.1}{\376\377\000T\000h\000e\000\040\000G\000e\000n\000e\000s\000i\000s\000:\000\040\000N\000e\000x\000t\000-\000T\000o\000k\000e\000n\000\040\000P\000r\000e\000d\000i\000c\000t\000i\000o\000n}{section.2.3}% 23
\BOOKMARK [2][-]{subsection.2.3.2}{\376\377\000T\000h\000e\000\040\000M\000o\000d\000e\000r\000n\000\040\000E\000r\000a\000:\000\040\000D\000e\000c\000o\000u\000p\000l\000e\000d\000\040\000A\000c\000t\000i\000o\000n\000\040\000P\000o\000l\000i\000c\000y\000\040\000E\000x\000p\000e\000r\000t\000s}{section.2.3}% 24
\BOOKMARK [1][-]{section.2.4}{\376\377\000D\000I\000F\000F\000U\000S\000I\000O\000N\000\040\000M\000O\000D\000E\000L\000S\000\040\000I\000N\000\040\000R\000O\000B\000O\000T\000I\000C\000S\000\040\000C\000O\000N\000T\000R\000O\000L}{chapter.2}% 25
\BOOKMARK [2][-]{subsection.2.4.1}{\376\377\000D\000D\000P\000M\000\040\000a\000n\000d\000\040\000A\000c\000t\000i\000o\000n\000\040\000C\000h\000u\000n\000k\000i\000n\000g}{section.2.4}% 26
\BOOKMARK [2][-]{subsection.2.4.2}{\376\377\000U\000-\000N\000e\000t\000\040\000v\000s\000.\000\040\000D\000i\000T\000\040\000B\000a\000c\000k\000b\000o\000n\000e\000s}{section.2.4}% 27
\BOOKMARK [2][-]{subsection.2.4.3}{\376\377\000F\000l\000o\000w\000\040\000M\000a\000t\000c\000h\000i\000n\000g\000\040\000f\000o\000r\000\040\000F\000a\000s\000t\000\040\000I\000n\000f\000e\000r\000e\000n\000c\000e}{section.2.4}% 28
\BOOKMARK [1][-]{section.2.5}{\376\377\000S\000T\000A\000T\000E\000-\000O\000F\000-\000T\000H\000E\000-\000A\000R\000T\000\040\000I\000N\000\040\000V\000L\000A\000\040\000I\000N\000T\000E\000G\000R\000A\000T\000I\000O\000N}{chapter.2}% 29
\BOOKMARK [2][-]{subsection.2.5.1}{\376\377\000O\000p\000e\000n\000V\000L\000A}{section.2.5}% 30
\BOOKMARK [2][-]{subsection.2.5.2}{\376\377\000S\000m\000o\000l\000V\000L\000A}{section.2.5}% 31
\BOOKMARK [2][-]{subsection.2.5.3}{\376\377\000P\000i\000-\000Z\000e\000r\000o\000\040\000\050\000p\000i\0000\000\051\000\040\000a\000n\000d\000\040\000P\000i\0000\000.\0005}{section.2.5}% 32
\BOOKMARK [1][-]{section.2.6}{\376\377\000G\000E\000N\000E\000R\000A\000L\000I\000Z\000A\000T\000I\000O\000N\000\040\000A\000N\000D\000\040\000C\000H\000A\000P\000T\000E\000R\000\040\000S\000U\000M\000M\000A\000R\000Y}{chapter.2}% 33
\BOOKMARK [0][-]{chapter.3}{\376\377\000I\000M\000P\000L\000E\000M\000E\000N\000T\000A\000T\000I\000O\000N}{}% 34
\BOOKMARK [1][-]{section.3.1}{\376\377\000P\000h\000a\000s\000e\000\040\0001\000:\000\040\000R\000o\000b\000o\000t\000\040\000t\000o\000\040\000A\000I\000\040\000C\000o\000m\000m\000u\000n\000i\000c\000a\000t\000i\000o\000n}{chapter.3}% 35
\BOOKMARK [2][-]{subsection.3.1.1}{\376\377\000T\000C\000P\000/\000I\000P\000\040\000I\000n\000t\000e\000r\000f\000a\000c\000e\000\040\000a\000n\000d\000\040\000B\000y\000t\000e\000\040\000D\000e\000c\000o\000d\000i\000n\000g}{section.3.1}% 36
\BOOKMARK [2][-]{subsection.3.1.2}{\376\377\000T\000e\000n\000s\000o\000r\000i\000z\000a\000t\000i\000o\000n\000\040\000a\000n\000d\000\040\000S\000t\000o\000r\000a\000g\000e}{section.3.1}% 37
\BOOKMARK [1][-]{section.3.2}{\376\377\000P\000h\000a\000s\000e\000\040\0002\000:\000\040\000D\000a\000t\000a\000s\000e\000t\000\040\000P\000r\000e\000p\000a\000r\000a\000t\000i\000o\000n}{chapter.3}% 38
\BOOKMARK [2][-]{subsection.3.2.1}{\376\377\000S\000i\000m\000u\000l\000a\000t\000i\000o\000n\000\040\000D\000a\000t\000a\000\040\000P\000i\000p\000e\000l\000i\000n\000e}{section.3.2}% 39
\BOOKMARK [2][-]{subsection.3.2.2}{\376\377\000R\000e\000a\000l\000-\000W\000o\000r\000l\000d\000\040\000D\000a\000t\000a\000\040\000P\000i\000p\000e\000l\000i\000n\000e}{section.3.2}% 40
\BOOKMARK [2][-]{subsection.3.2.3}{\376\377\000T\000a\000s\000k\000\040\000V\000a\000r\000i\000a\000n\000c\000e\000\040\000a\000n\000d\000\040\000D\000a\000t\000a\000s\000e\000t\000\040\000S\000t\000a\000t\000i\000s\000t\000i\000c\000s}{section.3.2}% 41
\BOOKMARK [1][-]{section.3.3}{\376\377\000P\000h\000a\000s\000e\000\040\0003\000:\000\040\000M\000o\000d\000e\000l\000\040\000A\000r\000c\000h\000i\000t\000e\000c\000t\000u\000r\000e}{chapter.3}% 42
\BOOKMARK [2][-]{subsection.3.3.1}{\376\377\000V\000i\000s\000i\000o\000n\000-\000L\000a\000n\000g\000u\000a\000g\000e\000\040\000B\000a\000c\000k\000b\000o\000n\000e}{section.3.3}% 43
\BOOKMARK [2][-]{subsection.3.3.2}{\376\377\000O\000v\000e\000r\000v\000i\000e\000w\000-\000A\000w\000a\000r\000e\000\040\000S\000t\000r\000a\000t\000e\000g\000y}{section.3.3}% 44
\BOOKMARK [2][-]{subsection.3.3.3}{\376\377\000S\000t\000r\000u\000c\000t\000u\000r\000e\000d\000\040\000L\000a\000t\000e\000n\000t\000\040\000C\000o\000n\000d\000i\000t\000i\000o\000n\000i\000n\000g\000\040\000v\000i\000a\000\040\000M\000a\000s\000k\000e\000d\000\040\000C\000r\000o\000s\000s\000-\000A\000t\000t\000e\000n\000t\000i\000o\000n}{section.3.3}% 45
\BOOKMARK [2][-]{subsection.3.3.4}{\376\377\000D\000i\000f\000f\000u\000s\000i\000o\000n\000\040\000T\000r\000a\000n\000s\000f\000o\000r\000m\000e\000r\000\040\000\050\000D\000i\000T\000\051}{section.3.3}% 46
\BOOKMARK [1][-]{section.3.4}{\376\377\000P\000h\000a\000s\000e\000\040\0004\000:\000\040\000T\000r\000a\000i\000n\000i\000n\000g\000\040\000O\000b\000j\000e\000c\000t\000i\000v\000e\000s\000\040\000a\000n\000d\000\040\000F\000l\000o\000w\000\040\000M\000a\000t\000c\000h\000i\000n\000g}{chapter.3}% 47
\BOOKMARK [2][-]{subsection.3.4.1}{\376\377\000T\000h\000e\000\040\000M\000u\000l\000t\000i\000-\000C\000o\000m\000p\000o\000n\000e\000n\000t\000\040\000L\000o\000s\000s\000\040\000F\000u\000n\000c\000t\000i\000o\000n}{section.3.4}% 48
\BOOKMARK [1][-]{section.3.5}{\376\377\000P\000h\000a\000s\000e\000\040\0005\000:\000\040\000M\000o\000d\000e\000l\000\040\000E\000v\000a\000l\000u\000a\000t\000i\000o\000n\000\040\000a\000n\000d\000\040\000I\000m\000p\000r\000o\000v\000e\000m\000e\000n\000t}{chapter.3}% 49
\BOOKMARK [0][-]{chapter.4}{\376\377\000E\000X\000P\000E\000R\000I\000M\000E\000N\000T\000A\000L\000\040\000R\000E\000S\000U\000L\000T\000S\000\040\000A\000N\000D\000\040\000D\000I\000S\000C\000U\000S\000S\000I\000O\000N}{}% 50
\BOOKMARK [1][-]{section.4.1}{\376\377\000E\000X\000P\000E\000R\000I\000M\000E\000N\000T\000A\000L\000\040\000S\000E\000T\000U\000P}{chapter.4}% 51
\BOOKMARK [2][-]{subsection.4.1.1}{\376\377\000H\000a\000r\000d\000w\000a\000r\000e\000\040\000a\000n\000d\000\040\000R\000u\000n\000t\000i\000m\000e\000\040\000E\000n\000v\000i\000r\000o\000n\000m\000e\000n\000t}{section.4.1}% 52
\BOOKMARK [2][-]{subsection.4.1.2}{\376\377\000T\000a\000s\000k\000\040\000P\000r\000o\000t\000o\000c\000o\000l}{section.4.1}% 53
\BOOKMARK [2][-]{subsection.4.1.3}{\376\377\000E\000v\000a\000l\000u\000a\000t\000i\000o\000n\000\040\000D\000o\000m\000a\000i\000n\000s}{section.4.1}% 54
\BOOKMARK [2][-]{subsection.4.1.4}{\376\377\000M\000e\000t\000r\000i\000c\000s}{section.4.1}% 55
\BOOKMARK [2][-]{subsection.4.1.5}{\376\377\000D\000a\000t\000a\000s\000e\000t\000\040\000C\000o\000l\000l\000e\000c\000t\000i\000o\000n\000\040\000C\000o\000n\000t\000e\000x\000t\000\040\000a\000n\000d\000\040\000S\000O\000T\000A\000\040\000C\000o\000m\000p\000a\000r\000i\000s\000o\000n}{section.4.1}% 56
\BOOKMARK [2][-]{subsection.4.1.6}{\376\377\000N\000e\000w\000-\000D\000a\000t\000a\000\040\000D\000i\000a\000g\000n\000o\000s\000t\000i\000c\000s\000\040\000w\000i\000t\000h\000\040\000A\000d\000d\000e\000d\000\040\000F\000i\000g\000u\000r\000e\000s}{section.4.1}% 57
\BOOKMARK [1][-]{section.4.2}{\376\377\000E\000N\000D\000-\000T\000O\000-\000E\000N\000D\000\040\000V\000L\000A\000\040\000P\000I\000P\000E\000L\000I\000N\000E\000\040\000P\000E\000R\000F\000O\000R\000M\000A\000N\000C\000E}{chapter.4}% 58
\BOOKMARK [1][-]{section.4.3}{\376\377\000I\000N\000T\000E\000G\000R\000A\000T\000I\000O\000N\000\040\000O\000F\000\040\000P\000E\000R\000C\000E\000P\000T\000I\000O\000N\000,\000\040\000D\000I\000T\000,\000\040\000A\000N\000D\000\040\000S\000A\000F\000E\000T\000Y\000\040\000L\000A\000Y\000E\000R}{chapter.4}% 59
\BOOKMARK [1][-]{section.4.4}{\376\377\000N\000A\000T\000U\000R\000A\000L\000-\000L\000A\000N\000G\000U\000A\000G\000E\000\040\000I\000N\000S\000T\000R\000U\000C\000T\000I\000O\000N\000\040\000F\000O\000L\000L\000O\000W\000I\000N\000G}{chapter.4}% 60
\BOOKMARK [1][-]{section.4.5}{\376\377\000G\000E\000N\000E\000R\000A\000L\000I\000Z\000A\000T\000I\000O\000N\000\040\000A\000N\000D\000\040\000Z\000E\000R\000O\000-\000S\000H\000O\000T\000\040\000P\000E\000R\000F\000O\000R\000M\000A\000N\000C\000E}{chapter.4}% 61
\BOOKMARK [1][-]{section.4.6}{\376\377\000T\000A\000S\000K\000-\000W\000I\000S\000E\000\040\000M\000A\000N\000I\000P\000U\000L\000A\000T\000I\000O\000N\000\040\000P\000E\000R\000F\000O\000R\000M\000A\000N\000C\000E}{chapter.4}% 62
\BOOKMARK [1][-]{section.4.7}{\376\377\000D\000E\000S\000I\000G\000N\000\040\000C\000O\000N\000S\000T\000R\000A\000I\000N\000T\000\040\000V\000A\000L\000I\000D\000A\000T\000I\000O\000N}{chapter.4}% 63
\BOOKMARK [2][-]{subsection.4.7.1}{\376\377\000C\000o\000m\000p\000u\000t\000a\000t\000i\000o\000n\000\040\000a\000n\000d\000\040\000M\000e\000m\000o\000r\000y}{section.4.7}% 64
\BOOKMARK [2][-]{subsection.4.7.2}{\376\377\000L\000a\000t\000e\000n\000c\000y}{section.4.7}% 65
\BOOKMARK [2][-]{subsection.4.7.3}{\376\377\000I\000n\000t\000e\000g\000r\000a\000t\000i\000o\000n\000\040\000E\000f\000f\000i\000c\000i\000e\000n\000c\000y}{section.4.7}% 66
\BOOKMARK [1][-]{section.4.8}{\376\377\000V\000L\000M\000\040\000I\000N\000T\000E\000R\000P\000R\000E\000T\000A\000B\000I\000L\000I\000T\000Y\000\040\000R\000E\000S\000U\000L\000T\000S}{chapter.4}% 67
\BOOKMARK [2][-]{subsection.4.8.1}{\376\377\000D\000a\000t\000a\000s\000e\000t\000\040\000a\000n\000d\000\040\000C\000o\000r\000p\000u\000s}{section.4.8}% 68
\BOOKMARK [2][-]{subsection.4.8.2}{\376\377\000F\000e\000a\000t\000u\000r\000e\000\040\000D\000i\000s\000c\000o\000v\000e\000r\000y}{section.4.8}% 69
\BOOKMARK [2][-]{subsection.4.8.3}{\376\377\000A\000c\000t\000i\000v\000a\000t\000i\000o\000n\000\040\000S\000t\000e\000e\000r\000i\000n\000g}{section.4.8}% 70
\BOOKMARK [1][-]{section.4.9}{\376\377\000D\000I\000S\000C\000U\000S\000S\000I\000O\000N}{chapter.4}% 71
\BOOKMARK [0][-]{chapter.5}{\376\377\000C\000O\000N\000C\000L\000U\000S\000I\000O\000N\000\040\000A\000N\000D\000\040\000F\000U\000T\000U\000R\000E\000\040\000W\000O\000R\000K}{}% 72
\BOOKMARK [1][-]{section.5.1}{\376\377\000C\000O\000N\000C\000L\000U\000S\000I\000O\000N}{chapter.5}% 73
\BOOKMARK [1][-]{section.5.2}{\376\377\000L\000I\000M\000I\000T\000A\000T\000I\000O\000N\000S}{chapter.5}% 74
\BOOKMARK [1][-]{section.5.3}{\376\377\000F\000U\000T\000U\000R\000E\000\040\000W\000O\000R\000K}{chapter.5}% 75
\BOOKMARK [0][-]{Item.41}{\376\377\000B\000I\000B\000L\000I\000O\000G\000R\000A\000P\000H\000Y}{}% 76
\BOOKMARK [0][-]{appendix.A}{\376\377\000S\000u\000p\000p\000l\000e\000m\000e\000n\000t\000a\000r\000y\000\040\000M\000a\000t\000e\000r\000i\000a\000l\000s}{}% 77
\BOOKMARK [1][-]{section.A.1}{\376\377\000S\000y\000s\000t\000e\000m\000\040\000C\000o\000n\000f\000i\000g\000u\000r\000a\000t\000i\000o\000n\000\040\000S\000u\000m\000m\000a\000r\000y}{appendix.A}% 78
\BOOKMARK [1][-]{section.A.2}{\376\377\000A\000d\000d\000i\000t\000i\000o\000n\000a\000l\000\040\000E\000x\000p\000e\000r\000i\000m\000e\000n\000t\000a\000l\000\040\000S\000e\000t\000t\000i\000n\000g\000s}{appendix.A}% 79
\BOOKMARK [1][-]{section.A.3}{\376\377\000E\000x\000t\000e\000n\000d\000e\000d\000\040\000R\000e\000s\000u\000l\000t\000s}{appendix.A}% 80
\BOOKMARK [1][-]{section.A.4}{\376\377\000I\000m\000p\000l\000e\000m\000e\000n\000t\000a\000t\000i\000o\000n\000\040\000N\000o\000t\000e\000s}{appendix.A}% 81
\BOOKMARK [1][-]{section.A.5}{\376\377\000E\000x\000t\000e\000r\000n\000a\000l\000\040\000T\000o\000o\000l\000i\000n\000g\000\040\000a\000n\000d\000\040\000R\000e\000p\000o\000s\000i\000t\000o\000r\000y\000\040\000L\000i\000n\000k\000s}{appendix.A}% 82
\BOOKMARK [1][-]{section.A.6}{\376\377\000U\000s\000a\000g\000e\000\040\000I\000n\000s\000t\000r\000u\000c\000t\000i\000o\000n\000s\000\040\000f\000o\000r\000\040\000R\000e\000p\000r\000o\000d\000u\000c\000t\000i\000o\000n}{appendix.A}% 83
